{
  "archiveBytes": 20954272,
  "archiveSha256": "0cc4d2eac2249f4b477b9d1cb273b845b9dab08a17d60aa53f9c16d76f0861f5",
  "archiveEntries": 218,
  "recovered": [
    {
      "target": "PHX_TERM400_0.DDS",
      "bytes": 699176,
      "sha256": "95c839aa452373bc63f66ffda638f4997f4e8719de8cfaac6b28684d13f9119b"
    },
    {
      "target": "PHX_TERM400_0_LM.DDS",
      "bytes": 699176,
      "sha256": "0ca32e89ed68a2cb90e9cb3091ef5c6f72ec8def835150a4b44be4e1fd2a56b5"
    },
    {
      "target": "PHX_TERM400_1.DDS",
      "bytes": 699176,
      "sha256": "0cb2a4f3c3b8971b3b96051f8982aa8e9b6df45887671d8ec913fff83196788e"
    },
    {
      "target": "PHX_TERM400_1_LM.DDS",
      "bytes": 699176,
      "sha256": "c6e1fdceaee9c9bea6d6c95e0f1dd5280a2c37ee6c4ff89c13417136196004d8"
    },
    {
      "target": "PARKRAMPS2.BMP",
      "bytes": 174850,
      "sha256": "c511e7e0dae50b97d80d5b79a3db277919682db18061af72d851e78589dec823"
    },
    {
      "target": "PARKRAMPS2_LM.BMP",
      "bytes": 174850,
      "sha256": "d8971314d6c90512c86e404bc7ede19df743418832582dc15c403a234935d8f0"
    },
    {
      "target": "PHXRAMPLIGHT.BMP",
      "bytes": 43778,
      "sha256": "f7409b182d397221f79e5cff107747189e307adc0bc1371beb8996add2f4e225"
    },
    {
      "target": "PHXRAMPLIGHT_LM.BMP",
      "bytes": 43778,
      "sha256": "029f6622b872ec01076c170099684b0527b6c676af725f56e863fda1a0a890d2"
    },
    {
      "target": "M1DGJETWAY.BMP",
      "bytes": 349626,
      "sha256": "6f7b4e3a91020e1f1db54667a0cbe1152c6f6b99497ce39e135aa1312a3df41f"
    },
    {
      "target": "M1DGJETWAY_LM.BMP",
      "bytes": 349626,
      "sha256": "7681fa27310661358a059ece3bd861a7a0c5fa1878e626adbc92650755de04f0"
    }
  ]
}
